2026-07-19 09:52:14 | INFO | ===================================
2026-07-19 09:52:14 | INFO | Option Buying Bot Started
2026-07-19 09:52:14 | INFO | Paper Trading Mode Enabled
2026-07-19 09:52:14 | INFO | ===================================
2026-07-19 10:00:36 | INFO | Option Buying Bot Started
2026-07-19 10:00:36 | INFO | Version : 1.0
2026-07-19 10:00:36 | INFO | Paper Trading : True
2026-07-19 10:10:53 | INFO | Downloading Market Data...
2026-07-19 10:11:06 | INFO | Market Data Download Successful
2026-07-19 10:16:41 | INFO | Downloading Market Data...
2026-07-19 10:16:43 | INFO | Market Data Download Successful
2026-07-19 10:29:15 | INFO | Downloading Market Data...
2026-07-19 10:29:17 | INFO | EMA Calculated Successfully
2026-07-19 10:29:17 | INFO | RSI Calculated Successfully
2026-07-19 10:38:51 | INFO | Downloading Market Data...
2026-07-19 10:39:58 | INFO | Downloading Market Data...
2026-07-19 10:41:58 | INFO | Downloading Market Data...
2026-07-19 10:46:06 | INFO | Downloading Market Data...
2026-07-19 10:46:07 | INFO | Trading Signal : NO TRADE
2026-07-19 10:55:13 | INFO | Downloading Market Data...
2026-07-19 10:55:16 | INFO | Trading Signal : BUY CALL
2026-07-20 09:55:04 | INFO | Downloading Market Data...
2026-07-20 09:55:12 | INFO | Trading Signal : BUY PUT
2026-07-20 09:58:41 | INFO | Downloading Market Data...
2026-07-20 09:58:44 | INFO | Trading Signal : BUY PUT
2026-07-20 10:10:13 | INFO | Downloading Market Data...
2026-07-20 10:10:20 | INFO | Trading Signal : BUY PUT
2026-07-20 10:28:08 | INFO | Downloading Market Data...
2026-07-20 10:28:11 | INFO | Trading Signal : NO TRADE
2026-07-20 10:51:34 | INFO | Downloading Market Data...
2026-07-20 10:51:36 | INFO | Trading Signal : NO TRADE
2026-07-20 10:55:38 | INFO | Downloading Market Data...
2026-07-20 10:55:41 | INFO | Trading Signal : NO TRADE
2026-07-20 18:52:43 | INFO | Downloading Market Data...
2026-07-20 18:52:46 | INFO | Trading Signal : NO TRADE
2026-07-21 09:18:16 | INFO | Downloading Market Data...
2026-07-21 09:18:20 | INFO | Trading Signal : NO TRADE
2026-07-21 09:33:05 | INFO | Downloading Market Data...
2026-07-21 09:33:09 | INFO | Trading Signal : NO TRADE
2026-07-21 09:36:39 | INFO | Downloading Market Data...
2026-07-21 09:36:42 | INFO | Trading Signal : BUY CALL
2026-07-21 10:55:48 | INFO | Downloading Market Data...
2026-07-21 10:55:50 | INFO | Trading Signal : NO TRADE
2026-07-21 11:01:20 | INFO | Downloading Market Data...
2026-07-21 11:01:22 | INFO | Trading Signal : NO TRADE
2026-07-22 02:40:32 | INFO | Downloading Market Data...
2026-07-22 02:40:37 | INFO | Trading Signal : BUY CALL
2026-07-22 02:50:43 | INFO | Downloading Market Data...
2026-07-22 02:50:57 | INFO | Trading Signal : BUY CALL
2026-07-22 02:59:31 | INFO | Downloading Market Data...
2026-07-22 02:59:43 | INFO | Trading Signal : BUY CALL
2026-07-22 03:09:02 | INFO | Downloading Market Data...
2026-07-22 03:09:14 | INFO | Trading Signal : BUY CALL
2026-07-22 03:12:40 | INFO | Downloading Market Data...
2026-07-22 03:12:52 | INFO | Trading Signal : BUY CALL
2026-07-22 03:31:17 | INFO | Downloading Market Data...
2026-07-22 03:31:18 | INFO | Trading Signal : BUY CALL
2026-07-22 03:35:53 | INFO | Downloading Market Data...
2026-07-22 03:36:49 | INFO | Downloading Market Data...
2026-07-22 03:37:32 | INFO | Downloading Market Data...
2026-07-22 03:37:33 | INFO | Trading Signal : BUY CALL
2026-07-22 03:46:24 | INFO | Downloading Market Data...
2026-07-22 03:46:37 | INFO | Trading Signal : BUY CALL
2026-07-22 04:26:24 | INFO | Downloading Market Data...
2026-07-22 04:26:37 | INFO | Trading Signal : BUY CALL
2026-07-22 04:43:09 | INFO | Downloading Market Data...
2026-07-22 04:43:22 | INFO | Trading Signal : BUY CALL
2026-07-22 04:46:46 | INFO | Downloading Market Data...
2026-07-22 04:46:59 | INFO | Trading Signal : BUY CALL
2026-07-22 04:58:53 | INFO | Downloading Market Data...
2026-07-22 04:59:06 | INFO | Trading Signal : BUY CALL
2026-07-22 05:13:17 | INFO | Downloading Market Data...
2026-07-22 05:13:29 | INFO | Trading Signal : BUY CALL
2026-07-22 09:17:24 | INFO | Downloading Market Data...
2026-07-22 09:17:33 | INFO | Trading Signal : BUY CALL
2026-07-22 09:35:02 | INFO | Downloading Market Data...
2026-07-22 09:35:07 | INFO | Trading Signal : NO TRADE
2026-07-22 09:42:42 | INFO | Downloading Market Data...
2026-07-22 09:42:44 | INFO | Trading Signal : BUY CALL
2026-07-22 10:43:44 | INFO | Downloading Market Data...
2026-07-22 10:43:47 | INFO | Trading Signal : NO TRADE
2026-07-23 09:35:41 | INFO | Downloading Market Data...
2026-07-23 09:35:48 | INFO | Trading Signal : NO TRADE
2026-07-23 10:25:22 | INFO | Downloading Market Data...
2026-07-23 10:25:24 | INFO | Trading Signal : NO TRADE
2026-07-23 10:47:27 | INFO | Downloading Market Data...
2026-07-23 10:47:37 | INFO | Trading Signal : NO TRADE
2026-07-23 11:13:25 | INFO | Downloading Market Data...
2026-07-23 11:13:28 | INFO | Trading Signal : NO TRADE
2026-07-24 03:25:04 | INFO | Downloading Market Data...
2026-07-24 03:25:19 | INFO | Trading Signal : NO TRADE
2026-07-24 03:28:29 | INFO | Downloading Market Data...
2026-07-24 03:28:31 | INFO | Trading Signal : NO TRADE
2026-07-24 03:39:17 | INFO | Downloading Market Data...
2026-07-24 03:39:29 | INFO | Trading Signal : NO TRADE
2026-07-24 03:46:37 | INFO | Downloading Market Data...
2026-07-24 03:46:49 | INFO | Trading Signal : NO TRADE
2026-07-24 04:04:03 | INFO | Downloading Market Data...
2026-07-24 04:05:59 | INFO | Downloading Market Data...
2026-07-24 04:06:12 | INFO | Trading Signal : NO TRADE
2026-07-24 04:29:17 | INFO | Downloading Market Data...
2026-07-24 04:29:36 | INFO | Trading Signal : NO TRADE
2026-07-24 05:04:01 | INFO | Downloading Market Data...
2026-07-24 05:04:14 | INFO | Trading Signal : NO TRADE
2026-07-24 09:15:08 | INFO | Downloading Market Data...
2026-07-24 09:15:12 | INFO | Trading Signal : BUY CALL
2026-07-24 09:27:48 | INFO | Downloading Market Data...
2026-07-24 09:27:51 | INFO | Trading Signal : BUY CALL
2026-07-24 09:44:06 | INFO | Downloading Market Data...
2026-07-24 09:44:10 | INFO | Trading Signal : BUY CALL
2026-07-24 09:52:09 | INFO | Downloading Market Data...
2026-07-24 09:52:11 | INFO | Trading Signal : BUY CALL
2026-07-24 10:10:16 | INFO | Downloading Market Data...
2026-07-24 10:10:19 | INFO | Trading Signal : BUY CALL
2026-07-24 11:48:57 | INFO | Downloading Market Data...
2026-07-24 11:49:06 | INFO | Trading Signal : NO TRADE
2026-07-25 09:24:14 | INFO | Downloading Market Data...
2026-07-25 09:24:21 | INFO | Trading Signal : NO TRADE
2026-07-25 09:45:22 | INFO | Downloading Market Data...
2026-07-25 09:45:25 | INFO | Trading Signal : NO TRADE
2026-07-25 09:52:47 | INFO | Downloading Market Data...
2026-07-25 09:52:50 | INFO | Trading Signal : NO TRADE
2026-07-25 10:19:14 | INFO | Downloading Market Data...
2026-07-25 10:19:16 | INFO | Trading Signal : NO TRADE
2026-07-25 10:57:48 | INFO | Downloading Market Data...
2026-07-25 10:57:50 | INFO | Trading Signal : NO TRADE
2026-07-25 11:06:18 | INFO | Downloading Market Data...
2026-07-25 11:06:21 | INFO | Trading Signal : NO TRADE
2026-07-25 18:40:25 | INFO | Downloading Market Data...
2026-07-25 18:40:37 | INFO | Trading Signal : NO TRADE
2026-07-26 03:52:58 | INFO | Downloading Market Data...
2026-07-26 03:53:11 | INFO | Trading Signal : NO TRADE
2026-07-26 03:58:24 | INFO | Downloading Market Data...
2026-07-26 03:58:37 | INFO | Trading Signal : NO TRADE
2026-07-26 04:02:41 | INFO | Downloading Market Data...
2026-07-26 04:02:53 | INFO | Trading Signal : NO TRADE
2026-07-26 04:52:34 | INFO | Downloading Market Data...
2026-07-26 04:52:49 | INFO | Trading Signal : NO TRADE
2026-07-26 04:58:24 | INFO | Downloading Market Data...
2026-07-26 04:58:36 | INFO | Trading Signal : NO TRADE
2026-07-26 04:59:25 | INFO | Downloading Market Data...
2026-07-26 04:59:37 | INFO | Trading Signal : NO TRADE
2026-07-26 05:19:38 | INFO | Downloading Market Data...
2026-07-26 05:19:39 | INFO | Trading Signal : NO TRADE
2026-07-26 05:20:08 | INFO | Downloading Market Data...
2026-07-26 05:20:22 | INFO | Trading Signal : NO TRADE
